// Jest Snapshot v1, https://goo.gl/fbAQLP

exports[`AppHeader component renders the component with the provided props as expected 1`] = `
<Screen
  options={
    {
      "headerBackTitleStyle": {
        "fontFamily": "Montserrat-Regular",
      },
      "headerRight": <div>
        Header Right
      </div>,
      "headerStyle": {
        "backgroundColor": "#2929cc",
      },
      "headerTintColor": "#ffffff",
      "headerTitle": [Function],
      "headerTitleStyle": {
        "fontFamily": "Montserrat-Regular",
      },
    }
  }
/>
`;

exports[`AppHeader component renders the header title component as expected 1`] = `
<Image
  source={1}
  style={
    {
      "height": 50,
      "width": 119,
    }
  }
/>
`;
