// Jest Snapshot v1, https://goo.gl/fbAQLP

exports[`Cards component renders the component with the provided props as expected 1`] = `
<View
  style={
    {
      "alignItems": "center",
      "flexDirection": "row",
      "flexWrap": "wrap",
      "justifyContent": "space-around",
      "paddingBottomBottom": 32,
      "width": "80%",
    }
  }
>
  <ItemCard
    icon="lock"
    onPress={[Function]}
    title="Test Label 1"
  />
  <ItemCard
    icon="information"
    onPress={[Function]}
    title="Test Label 2"
  />
</View>
`;
